// Jest Snapshot v1, https://goo.gl/fbAQLP

exports[`<GifGrid /> tests should show component correctly 1`] = `
<Fragment>
  <h3
    className="animate__animated animate__fadeIn"
  >
    EVO X
  </h3>
  <p
    className="animate__animated animate__flash"
  >
    Loading
  </p>
  <div
    className="card-grid"
  />
</Fragment>
`;

exports[`<GifGrid /> tests should show items when images are loaded 1`] = `
<Fragment>
  <h3
    className="animate__animated animate__fadeIn"
  >
    EVO X
  </h3>
  <div
    className="card-grid"
  >
    <GifGridItem
      id="abc"
      key="abc"
      title="PÃ¡gina"
      url="/icon.png"
    />
  </div>
</Fragment>
`;
